src/game/constants.ts(20,13): error TS1294: This syntax is not allowed when 'erasableSyntaxOnly' is enabled.
src/game/Player.ts(131,15): error TS6133: 'cy' is declared but its value is never read.
